15:18:50 **** Incremental Build of configuration Release for project LED ****
make -j8 all 
arm-none-eabi-gcc "../Core/Src/debug_tool.c" -mcpu=cortex-m3 -std=gnu11 -DUSE_HAL_DRIVER -DSTM32F103xB -c -I../Core/Inc -I../Drivers/STM32F1xx_HAL_Driver/Inc -I../Drivers/STM32F1xx_HAL_Driver/Inc/Legacy -I../Drivers/CMSIS/Device/ST/STM32F1xx/Include -I../Drivers/CMSIS/Include -I../Middlewares/Third_Party/FreeRTOS/Source/include -I../Middlewares/Third_Party/FreeRTOS/Source/CMSIS_RTOS_V2 -I../Middlewares/Third_Party/FreeRTOS/Source/portable/GCC/ARM_CM3 -Os -ffunction-sections -fdata-sections -Wall -fstack-usage -MMD -MP -MF"Core/Src/debug_tool.d" -MT"Core/Src/debug_tool.o" --specs=nano.specs -mfloat-abi=soft -mthumb -o "Core/Src/debug_tool.o"
arm-none-eabi-gcc -o "LED.elf" @"objects.list"   -mcpu=cortex-m3 -T"D:\temp\LED-freeRTOS\LED\LED\STM32F103C8TX_FLASH.ld" --specs=nosys.specs -Wl,-Map="LED.map" -Wl,--gc-sections -static --specs=nano.specs -mfloat-abi=soft -mthumb -Wl,--start-group -lc -lm -Wl,--end-group
Finished building target: LED.elf
 
arm-none-eabi-size   LED.elf 
arm-none-eabi-objdump -h -S  LED.elf  > "LED.list"
arm-none-eabi-objcopy  -O ihex  LED.elf  "LED.hex"
   text	   data	    bss	    dec	    hex	filename
  13868	    124	   8500	  22492	   57dc	LED.elf
Finished building: default.size.stdout
 
Finished building: LED.hex
 
Finished building: LED.list
 

15:18:51 Build Finished. 0 errors, 0 warnings. (took 1s.198ms)

